GAMS 28.2.0  r750fa45 Released Aug 19, 2019 WEX-WEI x86 64bit/MS Windows - 08/22/20 19:16:21 Page 1
Aggregation of GA Table
C o m p i l a t i o n


   2   
   3  parameter
   4    data(*,*,*)   TFP data;
   5   
GAMS 28.2.0  r750fa45 Released Aug 19, 2019 WEX-WEI x86 64bit/MS Windows - 08/22/20 19:16:21 Page 2
Aggregation of GA Table
Include File Summary


   SEQ   GLOBAL TYPE      PARENT   LOCAL  FILENAME

     1        1 INPUT          0       0  C:\Users\ikiyo\OneDrive\Research_2019\Network\data\R-JIP\aggregation\xls2gdx.gms
     2        6 CALL           1       6  gdxxrw GA_70-16.xlsx par=data rng=data!a1:aw1082 Rdim=2 Cdim=1


COMPILATION TIME     =        3.063 SECONDS      2 MB  28.2.0 r750fa45 WEX-WEI


EXECUTION TIME       =        0.000 SECONDS      2 MB  28.2.0 r750fa45 WEX-WEI


USER: Kiyotaka Ishikawa, Single User License         G191217/0001AS-WIN
      Kyoto University, Graduate School of Agriculture          DC10515
      License for teaching and research at degree granting institutions


**** FILE SUMMARY

Input      C:\Users\ikiyo\OneDrive\Research_2019\Network\data\R-JIP\aggregation\xls2gdx.gms
Output     C:\Users\ikiyo\OneDrive\Research_2019\Network\data\R-JIP\aggregation\xls2gdx.lst
